2026-04-01 23:16:31,979 INFO === situr download start 2026-04-01T23:16:31.979595 ===
2026-04-01 23:16:31,982 INFO Found 13 types to download
2026-04-01 23:16:31,982 INFO Downloading: listaAgentii — Lista agențiilor de turism licențiate
2026-04-01 23:16:48,023 INFO   OK  Lista-agențiilor-de-turism-licențiate-actualizată-la-01.04.2026.xlsx  382,078 bytes  16.0s
2026-04-01 23:16:48,023 INFO Downloading: listaAgentiiRadiate — Lista agențiilor de turism a căror licență sau anexă a licenței a fost radiată
2026-04-01 23:17:00,122 INFO   OK  Lista-agențiilor-de-turism-a-căror-licență-sau-anexă-a-licenței-a-fost-radiată-actualizată-la-01.04.2026.xlsx  57,178 bytes  12.1s
2026-04-01 23:17:00,123 INFO Downloading: listaAgentiiRetrase — Lista agențiilor de turism a căror licență sau anexă a licenței a fost retrasă
2026-04-01 23:17:30,128 ERROR   FAILED listaAgentiiRetrase: HTTPSConnectionPool(host='se.situr.gov.ro', port=443): Read timed out. (read timeout=30)
2026-04-01 23:17:30,128 INFO Downloading: listaCazari — Lista structurilor de primire turistice cu funcțiuni de cazare
2026-04-01 23:17:59,952 INFO   OK  Lista-structurilor-de-primire-turistice-cu-funcțiuni-de-cazare-clasificate-actualizată-la-01.04.2026.xlsx  3,653,793 bytes  29.8s
2026-04-01 23:17:59,952 INFO Downloading: listaCazariRadiate — Lista structurilor de primire turistice cu funcțiuni de cazare radiate
2026-04-01 23:18:06,655 INFO   OK  Lista-structurilor-de-primire-turistice-cu-funcțiuni-de-cazare-ale-căror-certificate-de-clasificare-au-fost-radiate-actualizată-la-01.04.2026.xlsx  572,085 bytes  6.7s
2026-04-01 23:18:06,655 INFO Downloading: listaCazariRetrase — Lista structurilor de primire turistice cu funcțiuni de cazare retrase
2026-04-01 23:18:09,344 INFO   OK  Lista-structurilor-de-primire-turistice-cu-funcțiuni-de-cazare-ale-căror-certificate-de-clasificare-au-fost-retrase-actualizată-la-01.04.2026.xlsx  46,783 bytes  2.7s
2026-04-01 23:18:09,345 INFO Downloading: listaAlimentatie — Lista structurilor de primire turistice cu funcțiuni de alimentație publică
2026-04-01 23:18:17,707 INFO   OK  Lista-structurilor-de-primire-turistice-cu-funcțiuni-de-alimentație-publică-clasificate-actualizată-la-01.04.2026.xlsx  820,435 bytes  8.4s
2026-04-01 23:18:17,708 INFO Downloading: listaAlimentatieRadiate — Lista structurilor de primire turistice cu funcțiuni de alimentație publică radiate
2026-04-01 23:18:22,473 INFO   OK  Lista-structurilor-de-primire-turistice-cu-funcțiuni-de-alimentație-publică-ale-căror-certificate-de-clasificare-au-fost-radiate-actualizată-la-01.04.2026.xlsx  274,859 bytes  4.8s
2026-04-01 23:18:22,473 INFO Downloading: listaAlimentatieRetrase — Lista structurilor de primire turistice cu funcțiuni de alimentație publică retrase
2026-04-01 23:18:24,583 INFO   OK  Lista-structurilor-de-primire-turistice-cu-funcțiuni-de-alimentație-publică-ale-căror-certificate-de-clasificare-au-fost-retrase-actualizată-la-01.04.2026.xlsx  45,438 bytes  2.1s
2026-04-01 23:18:24,584 INFO Downloading: listaPartii — Lista pârtiilor de schi omologate
2026-04-01 23:18:27,579 INFO   OK  Lista-pârtiilor-de-schi-omologate-actualizată-la-01.04.2026.xlsx  57,034 bytes  3.0s
2026-04-01 23:18:27,579 INFO Downloading: listaStatiuni — Lista localităților atestate ca stațiuni turistice de interes național, respectiv local
2026-04-01 23:18:30,077 INFO   OK  Lista-localităților-atestate-ca-stațiuni-turistice-de-interes-național,-respectiv-local-actualizată-la-01.04.2026.xlsx  47,916 bytes  2.5s
2026-04-01 23:18:30,077 INFO Downloading: listaGhizi — Lista ghizilor de turism atestați
2026-04-01 23:18:37,033 INFO   OK  Lista-ghizilor-de-turism-atestați-actualizată-la-01.04.2026.xlsx  325,903 bytes  7.0s
2026-04-01 23:18:37,033 INFO Downloading: listaCentreInformare — Lista Centrelor Naționale și Locale de Informare și Promovare Turistică acreditate
2026-04-01 23:18:40,348 INFO   OK  Lista-Centrelor-Naționale-și-Locale-de-Informare-și-Promovare-Turistică-acreditate-actualizată-la-01.04.2026.xlsx  54,908 bytes  3.3s
2026-04-01 23:18:40,348 INFO Done: 12 OK, 1 failed
2026-04-01 23:18:40,349 INFO Log saved to data/turism/structuri-autorizate/download_log.csv
